pusht | preset vit | epochs 0..6 | /home/world-models/lewm-cus/checkpoints/pusht/vit

[data] pusht: using /home/world-models/.stable_worldmodel/datasets/pusht/pusht_expert_train.h5

$ python train.py --preset vit data.task=pusht out_dir=/home/world-models/lewm-cus/checkpoints/pusht exp_id=vit optim.stop_epoch=6
data  | 934,009 train windows / 21,375 val windows | obs=pixels action_dim=2 x frameskip=5
model | vit encoder, sigreg on, 18.1M params (18.1M trainable) -> /home/world-models/lewm-cus/checkpoints/pusht/vit
[   2000] train_epoch/loss=1.248  train_epoch/pred_loss=0.3027  train_epoch/sigreg_loss=10.5  train_epoch/emb_std=0.7832  train_epoch/emb_norm=10.78  train_epoch/pred_vs_static=1.001  train_epoch/grad_norm=19.77  train_epoch/lr=1.251e-05  train_epoch/epoch=0
[   2000] val/loss=1.079  val/pred_loss=0.1872  val/sigreg_loss=9.908  val/emb_std=0.9096  val/emb_norm=13.06  val/pred_vs_static=0.8244  val/epoch=0
[   4000] train_epoch/loss=0.3755  train_epoch/pred_loss=0.1261  train_epoch/sigreg_loss=2.771  train_epoch/emb_std=0.9667  train_epoch/emb_norm=13.28  train_epoch/pred_vs_static=0.6725  train_epoch/grad_norm=2.441  train_epoch/lr=3.751e-05  train_epoch/epoch=1
[   4000] val/loss=0.9271  val/pred_loss=0.09666  val/sigreg_loss=9.227  val/emb_std=0.9395  val/emb_norm=13.51  val/pred_vs_static=0.5413  val/epoch=1
[   6000] train_epoch/loss=0.2688  train_epoch/pred_loss=0.08327  train_epoch/sigreg_loss=2.061  train_epoch/emb_std=0.983  train_epoch/emb_norm=13.49  train_epoch/pred_vs_static=0.4488  train_epoch/grad_norm=1.366  train_epoch/lr=5e-05  train_epoch/epoch=2
[   6000] val/loss=0.8442  val/pred_loss=0.0627  val/sigreg_loss=8.682  val/emb_std=0.9432  val/emb_norm=13.56  val/pred_vs_static=0.3524  val/epoch=2
[   8000] train_epoch/loss=0.2184  train_epoch/pred_loss=0.06009  train_epoch/sigreg_loss=1.76  train_epoch/emb_std=0.9868  train_epoch/emb_norm=13.56  train_epoch/pred_vs_static=0.3207  train_epoch/grad_norm=0.928  train_epoch/lr=4.997e-05  train_epoch/epoch=3
[   8000] val/loss=0.8215  val/pred_loss=0.04981  val/sigreg_loss=8.575  val/emb_std=0.9557  val/emb_norm=13.75  val/pred_vs_static=0.2737  val/epoch=3
[  10000] train_epoch/loss=0.1938  train_epoch/pred_loss=0.04984  train_epoch/sigreg_loss=1.6  train_epoch/emb_std=0.9881  train_epoch/emb_norm=13.59  train_epoch/pred_vs_static=0.2624  train_epoch/grad_norm=0.7881  train_epoch/lr=4.992e-05  train_epoch/epoch=4
[  10000] val/loss=0.7902  val/pred_loss=0.04175  val/sigreg_loss=8.314  val/emb_std=0.9536  val/emb_norm=13.72  val/pred_vs_static=0.2295  val/epoch=4
[  12000] train_epoch/loss=0.1779  train_epoch/pred_loss=0.04361  train_epoch/sigreg_loss=1.493  train_epoch/emb_std=0.9881  train_epoch/emb_norm=13.61  train_epoch/pred_vs_static=0.2261  train_epoch/grad_norm=0.716  train_epoch/lr=4.984e-05  train_epoch/epoch=5
[  12000] val/loss=0.7665  val/pred_loss=0.03619  val/sigreg_loss=8.114  val/emb_std=0.9559  val/emb_norm=13.76  val/pred_vs_static=0.1993  val/epoch=5
[  14000] train_epoch/loss=0.166  train_epoch/pred_loss=0.03872  train_epoch/sigreg_loss=1.414  train_epoch/emb_std=0.9885  train_epoch/emb_norm=13.62  train_epoch/pred_vs_static=0.1991  train_epoch/grad_norm=0.679  train_epoch/lr=4.974e-05  train_epoch/epoch=6
[  14000] val/loss=0.7531  val/pred_loss=0.03161  val/sigreg_loss=8.014  val/emb_std=0.953  val/emb_norm=13.73  val/pred_vs_static=0.1724  val/epoch=6
done  | best val pred_vs_static 0.17244 at epoch 6 (epoch_006.pt) | checkpoints in /home/world-models/lewm-cus/checkpoints/pusht/vit

$ python ablations/probe.py --ckpt /home/world-models/lewm-cus/checkpoints/pusht/vit/epoch_006.pt --row-stride 10

pusht: mean absolute error
                            agent (px)        block (px) block_angle (deg)
train                            49.02             23.95             27.32
heldout                          48.57             24.22             28.47
heldout_mean_guess              131.83             88.20             52.54
R^2 per target (held-out)  [0.812, 0.805, 0.92, 0.907, 0.501, 0.56]
saved /home/world-models/lewm-cus/checkpoints/pusht/vit/probe/probe.pt

$ python ablations/probe.py --ckpt /home/world-models/lewm-cus/checkpoints/pusht/vit/epoch_006.pt --random-init --row-stride 10

pusht: mean absolute error
                            agent (px)        block (px) block_angle (deg)
train                           120.00             79.55             45.77
heldout                         120.81             79.97             48.08
heldout_mean_guess              131.83             88.20             52.54
R^2 per target (held-out)  [0.122, 0.093, 0.113, 0.135, 0.146, 0.209]
saved /home/world-models/lewm-cus/checkpoints/pusht/vit/probe_random/probe.pt

$ python ablations/decoder.py --ckpt /home/world-models/lewm-cus/checkpoints/pusht/vit/epoch_006.pt --row-stride 10
nohup: failed to run command '/root/miniconda3/envs/temporal/bin/python': No such file or directory
